<?xml version="1.0"?>


<result regex="" text="" result="true"/>
<result regex="pattern" text="pattern" result="true"/>
<result regex="" text="pattern" result="false"/>
<result regex="pattern" text="" result="false"/>

<result regex="*" text="" result="true"/>
<result regex="*" text="pattern" result="true"/>

<result regex="*pattern*" text="" result="false"/>
<result regex="*pattern*" text="__pattern__" result="true"/>
<result regex="*pattern*" text="pattern" result="true"/>
<result regex="*pattern*" text="patter" result="false"/>
<result regex="*pattern*" text="patte__" result="false"/>
<result regex="*pattern*" text="attern" result="false"/>
<result regex="*pattern*" text="__ttern" result="false"/>

<result regex="*pattern" text="" result="false"/>
<result regex="*pattern" text="__pattern" result="true"/>
<result regex="*pattern" text="pattern" result="true"/>
<result regex="*pattern" text="pattern__" result="false"/>
<result regex="*pattern" text="patter" result="false"/>
<result regex="*pattern" text="patte__" result="false"/>
<result regex="*pattern" text="attern" result="false"/>
<result regex="*pattern" text="__ttern" result="false"/>

<result regex="pattern*" text="" result="false"/>
<result regex="pattern*" text="pattern__" result="true"/>
<result regex="pattern*" text="pattern" result="true"/>
<result regex="pattern*" text="patter" result="false"/>
<result regex="pattern*" text="__pattern" result="false"/>
<result regex="pattern*" text="attern" result="false"/>
<result regex="pattern*" text="patter_" result="false"/>
<result regex="pattern*" text="patte__" result="false"/>

<result regex="patt*ern" text="" result="false"/>
<result regex="patt*ern" text="patt__ern" result="true"/>
<result regex="patt*ern" text="pattern" result="true"/>
<result regex="patter*n" text="patter__n" result="true"/>
<result regex="p*attern" text="pttern" result="false"/>
<result regex="p*attern" text="pattern" result="true"/>
<result regex="patter*n" text="patter" result="false"/>
<result regex="p*attern" text="attern" result="false"/>
<result regex="p*attern" text="p_ttern" result="false"/>


