<?xml version="1.0" encoding="utf-8"?>
<tests>
<result name="apply" target-directory="boost/bin.v2/libs/mpl/test/apply.test/gcc-4.1.1_sunos_i86pc/debug/debug-symbols-off" result="true"/>
</tests>
