<?xml version="1.0" encoding="utf-8"?>
<tests>
<result name="" target-directory="boost/bin.v2/libs/date_time/build/borland-5.8.2/debug" result="true"/>
<result name="" target-directory="boost/bin.v2/libs/date_time/build/borland-5.8.2/debug" result="false"/>
</tests>
