<?xml version="1.0" encoding="utf-8"?>
<tests>
<result name="config_link_test" target-directory="status/config_link_test.test/borland-5.8.2/debug" result="false"/>
</tests>
