<?xml version="1.0" encoding="utf-8"?>
<tests>
<result name="python_test" target-directory="boost/bin.v2/libs/parameter/test/python_test.test/msvc-8.0/rls/adrs-mdl-64/instr-set-optrn/thrd-mlt" result="true"/>
<result name="python_test" target-directory="boost/bin.v2/libs/parameter/test/python_test.test/msvc-8.0/rls/adrs-mdl-64/instr-set-optrn/thrd-mlt" result="false"/>

</tests>
