edge edge (3,0)
edge edge (1,2)
edge edge (0,4)
edge edge (2,1)
edge edge (4,2)
edge edge (4,0)
0 --> 4  
1 --> 2  
2 --> 1  
3 --> 0  
4 --> 2  0  
remove edge (0,3)
remove edge (4,3)
0 --> 4  
1 --> 2  
2 --> 1  
3 --> 0  
4 --> 2  0  
add edge (5,0)
add edge (5,6)
add edge (5,2)
add edge (5,6)
0 --> 4  
1 --> 2  6  
2 --> 1  6  
3 --> 0  
4 --> 2  0  
5 --> 0  2  
6 --> 
Removing vertex 6
0 --> 4  
1 --> 2  
2 --> 1  
3 --> 0  
4 --> 2  0  
5 --> 0  2  
