0  --chandler--> 1   --joe--> 1  
1  --chandler--> 0   --curly--> 2   --dick--> 3   --joe--> 0  
2  --curly--> 1   --tom--> 4  
3  --dick--> 1   --harry--> 4  
4  --harry--> 3   --tom--> 2  
