parent[0] = 0
parent[1] = 3
parent[2] = 0
parent[3] = 4
parent[4] = 0
