<!DOCTYPE html PUBLIC "-//W3C//DTD XHTML 1.0 Strict//EN">
<html>
  <head>
<title>runner1</title>
</head>
<body>
<h1>runner1</h1>
<hr></hr><h1>runner</h1>
Tests are run on the Windows platform</body>
</html>
