<!DOCTYPE html PUBLIC "-//W3C//DTD XHTML 1.0 Strict//EN">
<html>
  <body bgcolor="#FFFFFF">
    <table><tr><td><a href="runner1.html">runner1</a></td></tr></table>
  </body>
</html>
