<?xml version="1.0"?>
<results xmlns:exsl="http://exslt.org/common"><result>expected</result><result>expected</result><result>expected</result><result>success-unexpected</result><result>fail-unexpected</result><result>unusable</result></results>
