<?xml version="1.0"?>
<results xmlns:exsl="http://exslt.org/common"><platforms><platform name="Windows"><runs><run runner="BoostConsulting" timestamp="2007-01-13T06:25:21Z" platform="Windows" run-type="incremental" source="CVS"><comment>some_comment</comment></run></runs></platform></platforms><platforms><platform name="Windows"><runs><run runner="BoostConsulting" timestamp="2007-01-13T06:25:21Z" platform="Windows" run-type="incremental" source="CVS" toolset="not_required_toolset"><comment>some_comment</comment><toolset name="not_required_toolset" required="no" required_sort_hint="sort hint B"/><toolset name="required_toolset" required="no" required_sort_hint="sort hint B"/></run></runs></platform></platforms></results>
