<?xml version="1.0" encoding="utf-8"?>
<tests>
<result name="minmax" target-directory="boost/bin.v2/libs/algorithm/minmax/test/minmax.test/msvc-6.5~release/release/threading-multi" result="false"/>
</tests>
