<!DOCTYPE html PUBLIC "-//W3C//DTD XHTML 1.0 Strict//EN">
<html>
<head>
    <meta http-equiv="Content-Type" content="text/html; charset=utf-8"/>
    <link rel="stylesheet" type="text/css" href="../master.css" title="master"/>
    <title>Boost regression: any/trunk</title>
</head>
<frameset cols="190px,*" frameborder="0" framespacing="0" border="0">
<frame name="tocframe" src="toc.html" scrolling="auto"/>
<frame name="docframe" src="any_.html" scrolling="auto"/>
</frameset>
</html>
