<!DOCTYPE html PUBLIC "-//W3C//DTD XHTML 1.0 Strict//EN">
<html>
<head>
    <meta http-equiv="Content-Type" content="text/html; charset=utf-8"/>
    <link rel="stylesheet" type="text/css" href="../master.css" title="master" />
</head>

<body>
<div class="links">
<span><script type="text/javascript">
<!--
function make_tinyurl()
{
    window.open( 'http://tinyurl.com/create.php?url=' + parent.location.href );
}
//-->
</script>

<a href="javascript:make_tinyurl()">TinyUrl</a></span>
&#160;|&#160;<a href="any_release.html" class="" target="_top">Release View</a>&#160;|&#160;<a href="../user/any.html" class="view-link" target="_top">user View</a>&#160;|&#160;<a href="any_.html#legend">Legend</a>
</div>
<h1 class="page-title">
    <a class="hover-link" name="any" href="http://www.boost.org/libs/any" target="_top">any
</a>/<a class="hover-link" href="summary.html" target="_top">trunk</a>
</h1>
<div class="report-info">
    <div>
        <b>Report Time: </b> Tue, 26 Mar 2013 17:23:08 +0000
    </div>
</div>
<table border="0" cellspacing="0" cellpadding="0" class="library-table" width="1%" summary="Library results">
    <thead>
<tr>
    <td colspan="2">&#160;</td>
    <td colspan="1" class="runner">
        Windows
    </td>
    <td colspan="2">&#160;</td>
</tr>
<tr>
    <td colspan="2">&#160;</td>
    <td colspan="1" class="runner">
        <a href="../runner1.html">
            runner1
        </a>
    </td>
    <td colspan="2">&#160;</td>
</tr>
<tr>
<td colspan="2">&#160;</td>
    <td colspan="1" class="revision">
         rev 83542
    </td>
    <td colspan="2">&#160;</td>
</tr>
<tr>
    <td colspan="2">&#160;</td>
    <td colspan="1" class="timestamp">
        <span class="timestamp-0">Tue, 26 Mar 2013 14:23:59 +0000</span>    </td>
    <td colspan="2">&#160;</td>
</tr>
<tr valign="middle">
    <td class="head" colspan="2" width="1%">&#160;test&#160;/&#160;toolset&#160;</td>
<td class="required-toolset-name">
<span class="timestamp-0">
msvc- 11.0</span>
</td>
<td class="head" width="1%">&#160;test&#160;/&#160;toolset&#160;</td>
</tr>
    </thead>
    <tfoot>
<tr valign="middle">
    <td class="head" colspan="2" width="1%">&#160;test&#160;/&#160;toolset&#160;</td>
<td class="required-toolset-name">
<span class="timestamp-0">
msvc- 11.0</span>
</td>
<td class="head" width="1%">&#160;test&#160;/&#160;toolset&#160;</td>
</tr>
<tr>
    <td colspan="2">&#160;</td>
    <td colspan="1" class="runner">
        <a href="../runner1.html">
            runner1
        </a>
    </td>
    <td colspan="2">&#160;</td>
</tr>
<tr>
<td colspan="2">&#160;</td>
    <td colspan="1" class="revision">
         rev 83542
    </td>
    <td colspan="2">&#160;</td>
</tr>
<tr>
    <td colspan="2">&#160;</td>
    <td colspan="1" class="timestamp">
        <span class="timestamp-0">Tue, 26 Mar 2013 14:23:59 +0000</span>    </td>
    <td colspan="2">&#160;</td>
</tr>
<tr>
    <td colspan="2">&#160;</td>
    <td colspan="1" class="runner">
        Windows
    </td>
    <td colspan="2">&#160;</td>
</tr>
    </tfoot>
    <tbody>
<tr class="library-row-single">
<td class="test-name">
    <a href="http://svn.boost.org/svn/boost/trunk/libs/any/test/test1.cpp" class="test-link" target="_top">
        test1
    </a>
</td>
<td class="test-type">
    <a href="http://www.boost.org/status/compiler_status.html#Understanding" class="legend-link" target="_top">r    </a>
</td>
<td class="library-success-expected" title="test1/msvc-11.0">
&#160;&#160;pass&#160;&#160;</td>
<td class="test-name">
    <a href="http://svn.boost.org/svn/boost/trunk/libs/any/test/test1.cpp" class="test-link" target="_top">
        test1
    </a>
</td>
</tr>
    </tbody>
</table>
<div id="legend">
<div class="legend">
<table border="0" summary="report description">
    <tr>
        <td class="legend-item" width="50pt">
            <table width="100%" summary="success legend">
            <tr class="library-row-single"><td class="library-success-expected">pass</td></tr>
            </table>
        </td>
        <td class="legend-explanation">Success.</td>
    </tr>
    <tr>
        <td class="legend-item" width="50pt">
            <table width="100%" summary="unexpected pass legend">
            <tr class="library-row-single"><td class="library-success-unexpected">pass</td></tr>
            </table>
        </td>
        <td class="legend-explanation">Unexpected success; follow the link for more details.</td>
    </tr>
    <tr>
        <td class="legend-item" width="50pt">
            <table width="100%" summary="expected fail legend">
            <tr class="library-row-single"><td class="library-fail-expected">fail*</td></tr>
            </table>
        </td>
        <td class="legend-explanation">Expected failure; follow the link for more details.</td>
    </tr>
    <tr>
        <td class="legend-item" width="50pt">
            <table width="100%" summary="unusable legend">
            <tr class="library-row-single"><td class="library-unusable">n/a</td></tr>
            </table>
        </td>
        <td class="legend-explanation">The library author marked it as unusable on this particular platform/toolset.</td>
    </tr>
    <tr>
        <td class="legend-item" width="50pt">
            <table width="100%" summary="unresearched legend">
            <tr class="library-row-single"><td class="library-fail-expected-unresearched">fail?</td></tr>
            </table>
        </td>
        <td class="legend-explanation">Unsearched failure; follow the link for more details.</td>
    </tr>
    <tr>
        <td class="legend-item" width="50pt">
            <table width="100%" summary="unexpected new fail legend">
            <tr class="library-row-single"><td class="library-fail-unexpected-new">fail</td></tr>
            </table>
        </td>
        <td class="legend-explanation">Failure on a newly added test/compiler.</td>
    </tr>
    <tr>
        <td class="legend-item" width="50pt">
            <table width="100%" summary="unexpected fail legend">
            <tr class="library-row-single"><td class="library-fail-unexpected">fail</td></tr>
            </table>
        </td>
        <td class="legend-explanation">Unexpected failure/regression.</td>
    </tr>
    <tr>
        <td class="legend-item" width="50pt">
        </td>
        <td class="legend-explanation"></td>
    </tr>
</table>
<hr/>
<table border="0" summary="report description">
    <tr>
        <td><span class="run-type-incremental">i</span></td>
        <td class="legend-explanation">An incremental run.</td>
    </tr>
</table>
</div>

</div>
<div class="links">
<span><script type="text/javascript">
<!--
function make_tinyurl()
{
    window.open( 'http://tinyurl.com/create.php?url=' + parent.location.href );
}
//-->
</script>

<a href="javascript:make_tinyurl()">TinyUrl</a></span>
&#160;|&#160;<a href="any_release.html" class="" target="_top">Release View</a>&#160;|&#160;<a href="../user/any.html" class="view-link" target="_top">user View</a>&#160;|&#160;<a href="any_.html#legend">Legend</a>
</div>
</body>
</html>
