<head>
    <meta http-equiv="Content-Type" content="text/html; charset=utf-8"/>
    <link rel="stylesheet" type="text/css" href="../master.css" title="master" />
    <title>Boost regression: trunk</title>
</head>
<frameset cols="190px,*" frameborder="0" framespacing="0" border="0">
    <frame name="tocframe" src="toc.html" scrolling="auto"/>
    <frame name="docframe" src="index_.html" scrolling="auto"/>
</frameset>
