<!DOCTYPE html PUBLIC "-//W3C//DTD HTML 4.01 Transitional//EN">
<html>
  <head>
    <link rel="stylesheet" type="text/css" href="../master.css" title="master" />
    <title>Boost regression unresolved issues: trunk</title>
  </head>
  <frameset cols="190px,*" frameborder="0" framespacing="0" border="0">
    <frame name="tocframe" src="toc_release.html" scrolling="auto"/>
    <frame name="docframe" src="issues_release_.html" scrolling="auto"/>
  </frameset>
</html>
