<!DOCTYPE html PUBLIC "-//W3C//DTD XHTML 1.0 Strict//EN">
<html>
  <head>
    <link rel="stylesheet" type="text/css" href="../master.css" title="master" />
  </head>
  <body>

    <h1 class="page-title">
      Unresolved Issues: 
      <a class="hover-link" href="summary_release.html" target="_top">trunk</a>
    </h1>

<div class="report-info">
    <div>
        <b>Report Time: </b> Tue, 26 Mar 2013 17:23:08 +0000
    </div>
</div>
    <h2>Libraries with unresolved failures</h2>
    <div align="center">
<div class="legend">
<table border="0" summary="report description">
<tr>
    <td>
    <table border="0" summary="legend">
        <tr>
            <td>
                <table width="100%" summary="unexpected new fail legend">
                <tr class="library-row-single"><td class="library-fail-unexpected-new">&lt;toolset&gt;</td></tr>
                </table>
            </td>
            <td class="legend-item">Failure on a newly added test/compiler.</td>
        </tr>
        <tr>
            <td>
                <table width="100%" summary="unexpected fail legend">
                <tr class="library-row-single"><td class="library-fail-unexpected">&lt;toolset&gt;</td></tr>
                </table>
            </td>
            <td class="legend-item">Unexpected failure.</td>
        </tr>
    </table>
    </td>
</tr>
</table>
</div>
<span><script type="text/javascript">
<!--
function make_tinyurl()
{
    window.open( 'http://tinyurl.com/create.php?url=' + parent.location.href );
}
//-->
</script>

<a href="javascript:make_tinyurl()">TinyUrl</a></span>
  </body>
</html>
