<!DOCTYPE html PUBLIC "-//W3C//DTD html 4.01 Transitional//EN">
<html>
    <head>
        <meta http-equiv="Content-Type" content="text/html; charset=utf-8"/>
        <link rel="stylesheet" type="text/css" href="../master.css" title="master"/>
        <title>Boost regression summary: trunk</title>
    </head>
    <frameset cols="190px,*" frameborder="0" framespacing="0" border="0">
    <frame name="tocframe" src="toc.html" scrolling="auto"/>
    <frame name="docframe" src="summary_.html" scrolling="auto"/>
    </frameset>
</html>
