<!DOCTYPE html PUBLIC "-//W3C//DTD XHTML 1.0 Transitional//EN">
<html>
<head>
    <meta http-equiv="Content-Type" content="text/html; charset=utf-8"/>
    <link rel="stylesheet" type="text/css" href="../master.css" title="master"/>
</head>
<body>
<div class="links">
<span><script type="text/javascript">
<!--
function make_tinyurl()
{
    window.open( 'http://tinyurl.com/create.php?url=' + parent.location.href );
}
//-->
</script>

<a href="javascript:make_tinyurl()">TinyUrl</a></span>
&#160;|&#160;<a href="summary_release.html" class="" target="_top">Release View</a>&#160;|&#160;<a href="../user/summary.html" class="view-link" target="_top">user View</a>&#160;|&#160;<a href="summary_.html#legend">Legend</a>
</div>
<h1 class="page-title">
    Summary: 
    <a class="hover-link" href="summary.html" target="_top">trunk</a>
</h1>
<div class="report-info">
    <div>
        <b>Report Time: </b> Tue, 26 Mar 2013 17:23:08 +0000
    </div>
</div>
<div class="statistics">
Unusable: 0
&#160;|&#160;
Regressions: 0
&#160;|&#160;
New failures: 0
</div>
<table border="0" cellspacing="0" cellpadding="0" width="1%" class="summary-table" summary="Overall summary">
<thead>
<tr>
    <td colspan="1">&#160;</td>
    <td colspan="1" class="runner">
        Windows
    </td>
    <td colspan="1">&#160;</td>
</tr>
<tr>
    <td colspan="1">&#160;</td>
    <td colspan="1" class="runner">
        <a href="../runner1.html">
            runner1
        </a>
    </td>
    <td colspan="1">&#160;</td>
</tr>
<tr>
<td colspan="1">&#160;</td>
    <td colspan="1" class="revision">
         rev 83542
    </td>
    <td colspan="1">&#160;</td>
</tr>
<tr>
    <td colspan="1">&#160;</td>
    <td colspan="1" class="timestamp">
        <span class="timestamp-0">Tue, 26 Mar 2013 14:23:59 +0000</span>    </td>
    <td colspan="1">&#160;</td>
</tr>
<tr valign="middle">
    <td class="head" colspan="1" width="1%">&#160;library&#160;/&#160;toolset&#160;</td>
<td class="required-toolset-name">
<span class="timestamp-0">
msvc- 11.0</span>
</td>
<td class="head" width="1%">&#160;library&#160;/&#160;toolset&#160;</td>
</tr>
</thead>
<tfoot>
<tr valign="middle">
    <td class="head" colspan="1" width="1%">&#160;library&#160;/&#160;toolset&#160;</td>
<td class="required-toolset-name">
<span class="timestamp-0">
msvc- 11.0</span>
</td>
<td class="head" width="1%">&#160;library&#160;/&#160;toolset&#160;</td>
</tr>
<tr>
    <td colspan="1">&#160;</td>
    <td colspan="1" class="runner">
        <a href="../runner1.html">
            runner1
        </a>
    </td>
    <td colspan="1">&#160;</td>
</tr>
<tr>
<td colspan="1">&#160;</td>
    <td colspan="1" class="revision">
         rev 83542
    </td>
    <td colspan="1">&#160;</td>
</tr>
<tr>
    <td colspan="1">&#160;</td>
    <td colspan="1" class="timestamp">
        <span class="timestamp-0">Tue, 26 Mar 2013 14:23:59 +0000</span>    </td>
    <td colspan="1">&#160;</td>
</tr>
<tr>
    <td colspan="1">&#160;</td>
    <td colspan="1" class="runner">
        Windows
    </td>
    <td colspan="1">&#160;</td>
</tr>
</tfoot>
<tbody>
<tr class="summary-row-single">
<td class="library-name">
    <a href="any.html" class="library-link" target="_top">
        any
    </a>
</td>
<td class="summary-success-expected" title="any/msvc-11.0">
&#160;&#160;OK&#160;&#160;</td>
<td class="library-name">
    <a href="any.html" class="library-link" target="_top">
        any
    </a>
</td>
</tr>
</tbody>
</table>
<div id="legend">
<div class="legend">
<table border="0" summary="report description">
    <tr>
        <td class="legend-item" width="50pt">
            <table width="100%" summary="success legend">
                <tr class="summary-row-single"><td class="summary-success-expected">OK</td></tr>
                </table>
        </td>
        <td class="legend-explanation">
            All expected tests pass.
        </td>
    </tr>
    <tr>
        <td class="legend-item" width="50pt">
            <table width="100%" summary="unexpected pass legend">
                <tr class="summary-row-single"><td class="summary-success-unexpected">OK</td></tr>
            </table>
        </td>
        <td class="legend-explanation">
            All expected tests pass, and some other tests that were expected to fail 
            unexpectedly pass as well.
        </td>
    </tr>
    <tr>
        <td class="legend-item" width="50pt">
            <table width="100%" summary="unexpected new fail legend">
                <tr class="summary-row-single"><td class="summary-fail-unexpected-new">fail</td></tr>
            </table>
        </td>
        <td class="legend-explanation">
            There are some failures on the newly added tests/compiler(s).
        </td>
    </tr>
    <tr>
        <td class="legend-item" width="50pt">
            <table width="100%" summary="unexpected fail legend">
                <tr class="summary-row-single"><td class="summary-fail-unexpected">broken</td></tr>
            </table>
        </td>
        <td class="legend-explanation">
            Tests that the library author expects to pass are currently failing.
        </td>
    </tr>
    <tr>
        <td class="legend-item" width="50pt">
            <table width="100%" summary="unusable legend">
                <tr class="summary-row-single"><td class="summary-unusable">n/a</td></tr>
            </table>
        </td>
        <td class="legend-explanation">
            The library author marked it as unusable on particular platform/toolset.
        </td>
    </tr>
</table>
<hr/>
<table border="0" summary="report description" id="Table1">
    <tr>
        <td><span class="run-type-incremental">i</span></td>
        <td class="legend-explanation">An incremental run.</td>
    </tr>
</table>
</div>

</div>
<div class="links">
<span><script type="text/javascript">
<!--
function make_tinyurl()
{
    window.open( 'http://tinyurl.com/create.php?url=' + parent.location.href );
}
//-->
</script>

<a href="javascript:make_tinyurl()">TinyUrl</a></span>
&#160;|&#160;<a href="summary_release.html" class="" target="_top">Release View</a>&#160;|&#160;<a href="../user/summary.html" class="view-link" target="_top">user View</a>&#160;|&#160;<a href="summary_.html#legend">Legend</a>
</div>
</body>
</html>
