<!DOCTYPE html PUBLIC "-//W3C//DTD XHTML 1.0 Strict//EN">
<html>
<head>
    <meta http-equiv="Content-Type" content="text/html; charset=utf-8"/>
    <link rel="stylesheet" type="text/css" href="../master.css" title="master"/>
</head>
<body class="developer-toc">
    <div class="toc-header-entry">
        <a href="index.html" class="toc-entry" target="_top">Report info</a>
    </div>
    <div class="toc-header-entry">
        <a href="summary.html" class="toc-entry" target="_top">Summary</a>
    </div>
    <div class="toc-header-entry">
        <a href="issues.html" class="toc-entry" target="_top">Unresolved issues</a>
    </div>
    <div class="toc-header-entry">
<a href="index_release.html" class="toc-entry" target="_top">Release View</a>    </div>
    <hr/>
    <div class="toc-entry">
        <a href="any.html" class="toc-entry" target="_top">
            any
        </a>
    </div>
</body>
</html>
